1.

volodymyrdabizha@Ubuntu-ford:~/PycharmProjects/HW-2-CURSOR$ mkdir cursor_git_hw

2.

volodymyrdabizha@Ubuntu-ford:~/PycharmProjects/HW-2-CURSOR$ cd cursor_git_hw

3.

volodymyrdabizha@Ubuntu-ford:~/PycharmProjects/HW-2-CURSOR/cursor_git_hw$ touch first.txt

4.

volodymyrdabizha@Ubuntu-ford:~/PycharmProjects/HW-2-CURSOR/cursor_git_hw$ git add first.txt

5.

volodymyrdabizha@Ubuntu-ford:~/PycharmProjects/HW-2-CURSOR/cursor_git_hw$ git commit -m 'adding first.txt'
[main (root-commit) d125420] adding first.txt
 2 files changed, 16 insertions(+)
 create mode 100644 cursor_git_hw/first.txt
 create mode 100644 main.py

6.

volodymyrdabizha@Ubuntu-ford:~/PycharmProjects/HW-2-CURSOR/cursor_git_hw$ git log
commit d125420f8715d108f374d281ae5ed282963d763f (HEAD -> main)
Author: volodymyr-dabizha <ford.p510@gmail.com>
Date:   Sun Jun 19 21:53:30 2022 +0300

    adding first.txt

7.

volodymyrdabizha@Ubuntu-ford:~/PycharmProjects/HW-2-CURSOR/cursor_git_hw$ touch second.txt

8.

volodymyrdabizha@Ubuntu-ford:~/PycharmProjects/HW-2-CURSOR/cursor_git_hw$ git add second.txt

9.

volodymyrdabizha@Ubuntu-ford:~/PycharmProjects/HW-2-CURSOR/cursor_git_hw$ git commit -m 'adding second.txt'
[main a627025] adding second.txt
 1 file changed, 0 insertions(+), 0 deletions(-)
 create mode 100644 cursor_git_hw/second.txt

10.

volodymyrdabizha@Ubuntu-ford:~/PycharmProjects/HW-2-CURSOR/cursor_git_hw$ rm first.txt

11.

volodymyrdabizha@Ubuntu-ford:~/PycharmProjects/HW-2-CURSOR/cursor_git_hw$ git add first.txt

12.

volodymyrdabizha@Ubuntu-ford:~/PycharmProjects/HW-2-CURSOR/cursor_git_hw$ git commit -m 'removing first.txt'
[main 41155fb] removing first.txt
 1 file changed, 0 insertions(+), 0 deletions(-)
 delete mode 100644 cursor_git_hw/first.txt

13.

volodymyrdabizha@Ubuntu-ford:~/PycharmProjects/HW-2-CURSOR/cursor_git_hw$ git log
commit 41155fbf1c97240d6e3bdf0777e6e5e8e84730c6 (HEAD -> main)
Author: volodymyr-dabizha <ford.p510@gmail.com>
Date:   Sun Jun 19 21:56:23 2022 +0300

    removing first.txt

commit a627025a8fbd7c09395bed3744b0737e41220c29
Author: volodymyr-dabizha <ford.p510@gmail.com>
Date:   Sun Jun 19 21:55:01 2022 +0300

14.

volodymyrdabizha@Ubuntu-ford:~/PycharmProjects/HW-2-CURSOR/cursor_git_hw$ git push

Enumerating objects: 11, done.
Counting objects: 100% (11/11), done.
Delta compression using up to 2 threads
Compressing objects: 100% (8/8), done.
Writing objects: 100% (11/11), 1.22 KiB | 139.00 KiB/s, done.
Total 11 (delta 0), reused 0 (delta 0), pack-reused 0
To https://github.com/volodymyr-dabizha/HW-2-CURSOR.git
 * [new branch]      main -> main

15.

volodymyrdabizha@Ubuntu-ford:~/PycharmProjects/HW-2-CURSOR/cursor_git_hw$ git branch first

16.

volodymyrdabizha@Ubuntu-ford:~/PycharmProjects/HW-2-CURSOR/cursor_git_hw$ git checkout -b second
Switched to a new branch 'second'

17.

volodymyrdabizha@Ubuntu-ford:~/PycharmProjects/HW-2-CURSOR/cursor_git_hw$ echo 'Hello' > second.txt

18.

volodymyrdabizha@Ubuntu-ford:~/PycharmProjects/HW-2-CURSOR/cursor_git_hw$ git stash
Saved working directory and index state WIP on second: 41155fb removing first.txt
volodymyrdabizha@Ubuntu-ford:~/PycharmProjects/HW-2-CURSOR/cursor_git_hw$ git checkout first
Switched to branch 'first'

19.

volodymyrdabizha@Ubuntu-ford:~/PycharmProjects/HW-2-CURSOR/cursor_git_hw$ git checkout second
Switched to branch 'second'
volodymyrdabizha@Ubuntu-ford:~/PycharmProjects/HW-2-CURSOR/cursor_git_hw$ git stash pop
On branch second
Changes not staged for commit:
  (use "git add <file>..." to update what will be committed)
  (use "git restore <file>..." to discard changes in working directory)
        modified:   second.txt

no changes added to commit (use "git add" and/or "git commit -a")
Dropped refs/stash@{0} (2cbcca5a9e95bb18bd16c84bcae47a0f11cf49f9)

20.

volodymyrdabizha@Ubuntu-ford:~/PycharmProjects/HW-2-CURSOR/cursor_git_hw$ git add second.txt

21.

volodymyrdabizha@Ubuntu-ford:~/PycharmProjects/HW-2-CURSOR/cursor_git_hw$ git commit -m 'changing second.txt'
[second 70b1861] changing second.txt
 1 file changed, 1 insertion(+)

22.

volodymyrdabizha@Ubuntu-ford:~/PycharmProjects/HW-2-CURSOR/cursor_git_hw$ git push --set-upstream origin second
Enumerating objects: 7, done.
Counting objects: 100% (7/7), done.
Delta compression using up to 2 threads
Compressing objects: 100% (2/2), done.
Writing objects: 100% (4/4), 346 bytes | 173.00 KiB/s, done.
Total 4 (delta 0), reused 0 (delta 0), pack-reused 0
remote:
remote: Create a pull request for 'second' on GitHub by visiting:
remote:      https://github.com/volodymyr-dabizha/HW-2-CURSOR/pull/new/second
remote:
To https://github.com/volodymyr-dabizha/HW-2-CURSOR.git
 * [new branch]      second -> second
Branch 'second' set up to track remote branch 'second' from 'origin'.

23.

volodymyrdabizha@Ubuntu-ford:~/PycharmProjects/HW-2-CURSOR/cursor_git_hw$ git checkout first
Switched to branch 'first'

24.

volodymyrdabizha@Ubuntu-ford:~/PycharmProjects/HW-2-CURSOR/cursor_git_hw$ echo 'Cursor' > second.txt

25.

volodymyrdabizha@Ubuntu-ford:~/PycharmProjects/HW-2-CURSOR/cursor_git_hw$ git add second.txt

26.

volodymyrdabizha@Ubuntu-ford:~/PycharmProjects/HW-2-CURSOR/cursor_git_hw$ git commit -m 'changing second.txt'
[first 1c2dc2c] changing second.txt
 1 file changed, 1 insertion(+)

27.

volodymyrdabizha@Ubuntu-ford:~/PycharmProjects/HW-2-CURSOR/cursor_git_hw$ git push --set-upstream origin first
Enumerating objects: 7, done.
Counting objects: 100% (7/7), done.
Delta compression using up to 2 threads
Compressing objects: 100% (2/2), done.
Writing objects: 100% (4/4), 347 bytes | 347.00 KiB/s, done.
Total 4 (delta 0), reused 0 (delta 0), pack-reused 0
remote:
remote: Create a pull request for 'first' on GitHub by visiting:
remote:      https://github.com/volodymyr-dabizha/HW-2-CURSOR/pull/new/first
remote:
To https://github.com/volodymyr-dabizha/HW-2-CURSOR.git
 * [new branch]      first -> first
Branch 'first' set up to track remote branch 'first' from 'origin'.

28.

volodymyrdabizha@Ubuntu-ford:~/PycharmProjects/HW-2-CURSOR/cursor_git_hw$ git checkout main
Switched to branch 'main'
Your branch is up-to-date with 'origin/main'.

29.

volodymyrdabizha@Ubuntu-ford:~/PycharmProjects/HW-2-CURSOR/cursor_git_hw$ git merge second
Updating 41155fb..70b1861
Fast-forward
 cursor_git_hw/second.txt | 1 +
 1 file changed, 1 insertion(+)

30.

volodymyrdabizha@Ubuntu-ford:~/PycharmProjects/HW-2-CURSOR/cursor_git_hw$ git merge first
Auto-merging cursor_git_hw/second.txt
CONFLICT (content): Merge conflict in cursor_git_hw/second.txt
Automatic merge failed; fix conflicts and then commit the result.

31.

open second.txt
<<<<<<< HEAD
Hello
=======
Cursor
>>>>>>> first

and delete str:1,3,5 live just Hello Cursor
volodymyrdabizha@Ubuntu-ford:~/PycharmProjects/HW-2-CURSOR/cursor_git_hw$ git add second.txt
volodymyrdabizha@Ubuntu-ford:~/PycharmProjects/HW-2-CURSOR/cursor_git_hw$ git commit
volodymyrdabizha@Ubuntu-ford:~/PycharmProjects/HW-2-CURSOR/cursor_git_hw$ git push
Enumerating objects: 10, done.
Counting objects: 100% (10/10), done.
Delta compression using up to 2 threads
Compressing objects: 100% (2/2), done.
Writing objects: 100% (4/4), 400 bytes | 400.00 KiB/s, done.
Total 4 (delta 0), reused 0 (delta 0), pack-reused 0
To https://github.com/volodymyr-dabizha/HW-2-CURSOR.git
   41155fb..bdb549d  main -> main
volodymyrdabizha@Ubuntu-ford:~/PycharmProjects/HW-2-CURSOR/cursor_git_hw$ cat second.txt
Hello
Cursor
